26/07/24 13:14:51 WARN Utils: Your hostname, DESKTOP-VB88QR3 resolves to a loopback address: 127.0.1.1; using 10.255.255.254 instead (on interface lo)
26/07/24 13:14:51 WARN Utils: Set SPARK_LOCAL_IP if you need to bind to another address
:: loading settings :: url = jar:file:/home/dr_shetty/tools/spark-3.5.1-bin-hadoop3/jars/ivy-2.5.1.jar!/org/apache/ivy/core/settings/ivysettings.xml
Ivy Default Cache set to: /home/dr_shetty/.ivy2/cache
The jars for the packages stored in: /home/dr_shetty/.ivy2/jars
graphframes#graphframes added as a dependency
:: resolving dependencies :: org.apache.spark#spark-submit-parent-d05f7ec9-10a8-488b-bc44-100886aa3ce0;1.0
	confs: [default]
	found graphframes#graphframes;0.8.3-spark3.5-s_2.12 in spark-packages
	found org.slf4j#slf4j-api;1.7.16 in central
:: resolution report :: resolve 114ms :: artifacts dl 5ms
	:: modules in use:
	graphframes#graphframes;0.8.3-spark3.5-s_2.12 from spark-packages in [default]
	org.slf4j#slf4j-api;1.7.16 from central in [default]
	---------------------------------------------------------------------
	|                  |            modules            ||   artifacts   |
	|       conf       | number| search|dwnlded|evicted|| number|dwnlded|
	---------------------------------------------------------------------
	|      default     |   2   |   0   |   0   |   0   ||   2   |   0   |
	---------------------------------------------------------------------
:: retrieving :: org.apache.spark#spark-submit-parent-d05f7ec9-10a8-488b-bc44-100886aa3ce0
	confs: [default]
	0 artifacts copied, 2 already retrieved (0kB/3ms)
26/07/24 13:14:51 WARN NativeCodeLoader: Unable to load native-hadoop library for your platform... using builtin-java classes where applicable
Setting default log level to "WARN".
To adjust logging level use sc.setLogLevel(newLevel). For SparkR, use setLogLevel(newLevel).
INFO:src.graph.phase04_graph.loader:[loader] Reading unified dataset from data/processed/phase2_ingestion/unified.parquet
INFO:src.graph.phase04_graph.loader:[loader] Loaded 102440 rows from unified dataset.
INFO:__main__:[build_graph] to_vertices: 102440 vertices total.
INFO:__main__:[build_graph] to_edges: 96638 rows after dropping roots.
WARNING:__main__:[build_graph] Dropped 1460 orphaned edge(s) (parent_id not found in the same cascade's vertex set).
INFO:__main__:[build_graph] to_edges: 95178 clean edges.
INFO:__main__:[build_graph] Built full GraphFrame: 102440 vertices, 95178 edges.
INFO:__main__:[build_graph] Flagged 358 singleton cascade(s).
[Stage 59:======================================>                   (2 + 1) / 3]                                                                                INFO:__main__:[build_graph] Vertices/edges/singletons written to data/processed/04_graph.
INFO:src.graph.phase04_graph.stats:[stats] Running shortestPaths from 5802 roots...
[Stage 5847:========================================>           (78 + 16) / 100]                                                                                [Stage 54960:>                                                   (0 + 16) / 200][Stage 54960:====>                                              (16 + 16) / 200][Stage 54960:========>                                          (33 + 16) / 200][Stage 54960:==============>                                    (58 + 16) / 200][Stage 54960:====================>                              (80 + 16) / 200][Stage 54965:====>      (76 + 19) / 200][Stage 54966:>              (0 + 0) / 3][Stage 54965:======>   (123 + 16) / 200][Stage 54966:>              (0 + 0) / 3][Stage 54965:========> (161 + 16) / 200][Stage 54966:>              (0 + 0) / 3][Stage 54966:====================================>                  (2 + 1) / 3][Stage 54967:>              (0 + 3) / 3][Stage 54968:>              (0 + 3) / 3]26/07/24 13:27:13 WARN BlockManager: Block rdd_52497_2 already exists on this machine; not re-adding it
26/07/24 13:27:13 WARN BlockManager: Block rdd_52497_1 already exists on this machine; not re-adding it
[Stage 54968:>                                                      (0 + 3) / 3][Stage 54969:=====================================>            (149 + 16) / 200]                                                                                [Stage 54990:====>                                              (18 + 16) / 200][Stage 54990:==>        (44 + 16) / 200][Stage 54997:>              (0 + 0) / 1][Stage 54990:===>       (67 + 16) / 200][Stage 54997:>              (0 + 0) / 1][Stage 54990:=====>     (98 + 16) / 200][Stage 54997:>              (0 + 0) / 1][Stage 54990:======>   (127 + 16) / 200][Stage 54997:>              (0 + 0) / 1][Stage 54990:=======>  (155 + 16) / 200][Stage 54997:>              (0 + 0) / 1][Stage 54990:=========>(184 + 16) / 200][Stage 54997:>              (0 + 0) / 1]                                                                                [Stage 55000:>                                                      (0 + 5) / 5][Stage 55000:=================================>                     (3 + 2) / 5]                                                                                WARNING:src.graph.phase04_graph.stats:[stats] 5447 cascade(s) have nodes unreachable from root (possible non-trivial cycles or broken tree structure). max_depth is set to -1 for these cascades.
INFO:src.graph.phase04_graph.stats:[stats] graph_summary_stats complete for 5802 cascades.
[Stage 55026:==>        (45 + 16) / 200][Stage 55033:>              (0 + 0) / 1][Stage 55026:===>       (68 + 16) / 200][Stage 55033:>              (0 + 0) / 1][Stage 55026:(98 + 16) / 200][Stage 55033:>(0 + 0) / 1][Stage 55034:>(0 + 0) / 3][Stage 55026:(121 + 16) / 200][Stage 55033:>(0 + 0) / 1][Stage 55034:>(0 + 0) / 3][Stage 55026:(151 + 16) / 200][Stage 55033:>(0 + 0) / 1][Stage 55034:>(0 + 0) / 3][Stage 55026:(182 + 16) / 200][Stage 55033:>(0 + 0) / 1][Stage 55034:>(0 + 0) / 3]                                                                                [Stage 55037:>                                                      (0 + 5) / 5]                                                                                [Stage 55073:>          (18 + 16) / 200][Stage 55074:>              (0 + 0) / 3][Stage 55073:=>         (26 + 16) / 200][Stage 55074:>              (0 + 0) / 3][Stage 55073:==>        (39 + 16) / 200][Stage 55074:>              (0 + 0) / 3][Stage 55073:==>        (46 + 17) / 200][Stage 55074:>              (0 + 0) / 3][Stage 55073:===>       (59 + 16) / 200][Stage 55074:>              (0 + 0) / 3][Stage 55073:===>       (68 + 16) / 200][Stage 55074:>              (0 + 0) / 3][Stage 55073:====>      (78 + 16) / 200][Stage 55074:>              (0 + 0) / 3][Stage 55073:====>      (86 + 16) / 200][Stage 55074:>              (0 + 0) / 3][Stage 55073:=====>     (98 + 16) / 200][Stage 55074:>              (0 + 0) / 3][Stage 55073:=====>    (107 + 16) / 200][Stage 55074:>              (0 + 0) / 3][Stage 55073:=====>    (117 + 16) / 200][Stage 55074:>              (0 + 0) / 3][Stage 55073:=====>    (118 + 17) / 200][Stage 55074:>              (0 + 0) / 3][Stage 55073:======>   (131 + 16) / 200][Stage 55074:>              (0 + 0) / 3][Stage 55073:=======>  (141 + 17) / 200][Stage 55074:>              (0 + 0) / 3][Stage 55073:=======>  (152 + 16) / 200][Stage 55074:>              (0 + 0) / 3][Stage 55073:========> (161 + 16) / 200][Stage 55074:>              (0 + 0) / 3][Stage 55073:========> (169 + 16) / 200][Stage 55074:>              (0 + 0) / 3][Stage 55073:========> (179 + 16) / 200][Stage 55074:>              (0 + 0) / 3][Stage 55073:=========>(188 + 12) / 200][Stage 55074:==========>    (2 + 1) / 3][Stage 55073:==========>(191 + 9) / 200][Stage 55074:==========>    (2 + 1) / 3]                                                                                Traceback (most recent call last):
  File "/home/dr_shetty/misinformation-cascading/venv/lib/python3.12/site-packages/pandas/compat/_optional.py", line 135, in import_optional_dependency
    module = importlib.import_module(name)
             ^^^^^^^^^^^^^^^^^^^^^^^^^^^^^
  File "/usr/lib/python3.12/importlib/__init__.py", line 90, in import_module
    return _bootstrap._gcd_import(name[level:], package, level)
           ^^^^^^^^^^^^^^^^^^^^^^^^^^^^^^^^^^^^^^^^^^^^^^^^^^^^
  File "<frozen importlib._bootstrap>", line 1387, in _gcd_import
  File "<frozen importlib._bootstrap>", line 1360, in _find_and_load
  File "<frozen importlib._bootstrap>", line 1324, in _find_and_load_unlocked
ModuleNotFoundError: No module named 'tabulate'

During handling of the above exception, another exception occurred:

Traceback (most recent call last):
  File "<frozen runpy>", line 198, in _run_module_as_main
  File "<frozen runpy>", line 88, in _run_code
  File "/home/dr_shetty/misinformation-cascading/src/graph/phase04_graph/build_graph.py", line 370, in <module>
    main()
  File "/home/dr_shetty/misinformation-cascading/src/graph/phase04_graph/build_graph.py", line 361, in main
    f.write(stats_pd.head(20).to_markdown(index=False))
            ^^^^^^^^^^^^^^^^^^^^^^^^^^^^^^^^^^^^^^^^^^
  File "/home/dr_shetty/misinformation-cascading/venv/lib/python3.12/site-packages/pandas/util/_decorators.py", line 333, in wrapper
    return func(*args, **kwargs)
           ^^^^^^^^^^^^^^^^^^^^^
  File "/home/dr_shetty/misinformation-cascading/venv/lib/python3.12/site-packages/pandas/core/frame.py", line 2983, in to_markdown
    tabulate = import_optional_dependency("tabulate")
               ^^^^^^^^^^^^^^^^^^^^^^^^^^^^^^^^^^^^^^
  File "/home/dr_shetty/misinformation-cascading/venv/lib/python3.12/site-packages/pandas/compat/_optional.py", line 138, in import_optional_dependency
    raise ImportError(msg)
ImportError: Missing optional dependency 'tabulate'.  Use pip or conda to install tabulate.
INFO:py4j.clientserver:Closing down clientserver connection
